<?php return array (
  0 => 'Symfony\\Bundle\\FrameworkBundle\\Controller\\AbstractController',
  1 => 'App\\Controller\\AdminController',
  2 => 'App\\Controller\\Carrito\\CartController',
  3 => 'App\\Controller\\Categoria\\CategoriaController',
  4 => 'App\\Controller\\Cliente\\ClienteController',
  5 => 'App\\Controller\\Consulta\\ConsultaController',
  6 => 'App\\Controller\\DefaultController',
  7 => 'App\\Controller\\Novedades\\NovedadesController',
  8 => 'App\\Controller\\PanelController',
  9 => 'App\\Controller\\Pedido\\PedidoController',
  10 => 'App\\Controller\\Producto\\ProductoController',
  11 => 'App\\Controller\\Profile\\ProfileController',
  12 => 'App\\Controller\\RegistrationController',
  13 => 'App\\Controller\\Role\\RoleController',
  14 => 'App\\Controller\\SecurityController',
  15 => 'App\\Controller\\Stock\\StockController',
  16 => 'App\\Controller\\User\\UserController',
  17 => 'App\\Entity\\Categoria',
  18 => 'App\\Entity\\Cliente',
  19 => 'App\\Entity\\Consulta',
  20 => 'App\\Entity\\Estado',
  21 => 'App\\Entity\\Novedades',
  22 => 'App\\Entity\\Order',
  23 => 'App\\Entity\\OrderItem',
  24 => 'App\\Entity\\Pedido',
  25 => 'App\\Entity\\Producto',
  26 => 'App\\Entity\\Role',
  27 => 'App\\Entity\\Stock',
  28 => 'App\\Entity\\User',
  29 => 'Doctrine\\Bundle\\DoctrineBundle\\Controller\\ProfilerController',
  30 => 'Doctrine\\ORM\\Cache\\Persister\\Entity\\AbstractEntityPersister',
  31 => 'Doctrine\\ORM\\Cache\\Persister\\Entity\\CachedEntityPersister',
  32 => 'Doctrine\\ORM\\Cache\\Persister\\Entity\\NonStrictReadWriteCachedEntityPersister',
  33 => 'Doctrine\\ORM\\Cache\\Persister\\Entity\\ReadOnlyCachedEntityPersister',
  34 => 'Doctrine\\ORM\\Cache\\Persister\\Entity\\ReadWriteCachedEntityPersister',
  35 => 'Doctrine\\ORM\\Persisters\\Entity\\AbstractEntityInheritancePersister',
  36 => 'Doctrine\\ORM\\Persisters\\Entity\\BasicEntityPersister',
  37 => 'Doctrine\\ORM\\Persisters\\Entity\\CachedPersisterContext',
  38 => 'Doctrine\\ORM\\Persisters\\Entity\\EntityPersister',
  39 => 'Doctrine\\ORM\\Persisters\\Entity\\JoinedSubclassPersister',
  40 => 'Doctrine\\ORM\\Persisters\\Entity\\SingleTablePersister',
  41 => 'Gedmo\\Loggable\\Entity\\LogEntry',
  42 => 'Gedmo\\Loggable\\Entity\\MappedSuperclass\\AbstractLogEntry',
  43 => 'Gedmo\\Loggable\\Entity\\Repository\\LogEntryRepository',
  44 => 'Gedmo\\Sortable\\Entity\\Repository\\SortableRepository',
  45 => 'Gedmo\\Translatable\\Entity\\MappedSuperclass\\AbstractPersonalTranslation',
  46 => 'Gedmo\\Translatable\\Entity\\MappedSuperclass\\AbstractTranslation',
  47 => 'Gedmo\\Translatable\\Entity\\Repository\\TranslationRepository',
  48 => 'Gedmo\\Translatable\\Entity\\Translation',
  49 => 'Gedmo\\Translator\\Entity\\Translation',
  50 => 'Gedmo\\Tree\\Entity\\MappedSuperclass\\AbstractClosure',
  51 => 'Gedmo\\Tree\\Entity\\Repository\\AbstractTreeRepository',
  52 => 'Gedmo\\Tree\\Entity\\Repository\\ClosureTreeRepository',
  53 => 'Gedmo\\Tree\\Entity\\Repository\\MaterializedPathRepository',
  54 => 'Gedmo\\Tree\\Entity\\Repository\\NestedTreeRepository',
  56 => 'Symfony\\Bundle\\FrameworkBundle\\Controller\\ControllerResolver',
  57 => 'Symfony\\Bundle\\FrameworkBundle\\Controller\\RedirectController',
  58 => 'Symfony\\Bundle\\FrameworkBundle\\Controller\\TemplateController',
  59 => 'Symfony\\Bundle\\WebProfilerBundle\\Controller\\ExceptionPanelController',
  60 => 'Symfony\\Bundle\\WebProfilerBundle\\Controller\\ProfilerController',
  61 => 'Symfony\\Bundle\\WebProfilerBundle\\Controller\\RouterController',
  62 => 'Symfony\\Component\\HttpKernel\\Controller\\ArgumentResolver',
  63 => 'Symfony\\Component\\HttpKernel\\Controller\\ArgumentResolverInterface',
  64 => 'Symfony\\Component\\HttpKernel\\Controller\\ArgumentResolver\\DefaultValueResolver',
  65 => 'Symfony\\Component\\HttpKernel\\Controller\\ArgumentResolver\\NotTaggedControllerValueResolver',
  66 => 'Symfony\\Component\\HttpKernel\\Controller\\ArgumentResolver\\RequestAttributeValueResolver',
  67 => 'Symfony\\Component\\HttpKernel\\Controller\\ArgumentResolver\\RequestValueResolver',
  68 => 'Symfony\\Component\\HttpKernel\\Controller\\ArgumentResolver\\ServiceValueResolver',
  69 => 'Symfony\\Component\\HttpKernel\\Controller\\ArgumentResolver\\SessionValueResolver',
  70 => 'Symfony\\Component\\HttpKernel\\Controller\\ArgumentResolver\\TraceableValueResolver',
  71 => 'Symfony\\Component\\HttpKernel\\Controller\\ArgumentResolver\\VariadicValueResolver',
  72 => 'Symfony\\Component\\HttpKernel\\Controller\\ArgumentValueResolverInterface',
  73 => 'Symfony\\Component\\HttpKernel\\Controller\\ContainerControllerResolver',
  74 => 'Symfony\\Component\\HttpKernel\\Controller\\ControllerReference',
  75 => 'Symfony\\Component\\HttpKernel\\Controller\\ControllerResolver',
  76 => 'Symfony\\Component\\HttpKernel\\Controller\\ControllerResolverInterface',
  77 => 'Symfony\\Component\\HttpKernel\\Controller\\ErrorController',
  78 => 'Symfony\\Component\\HttpKernel\\Controller\\TraceableArgumentResolver',
  79 => 'Symfony\\Component\\HttpKernel\\Controller\\TraceableControllerResolver',
  80 => 'Symfony\\Component\\Security\\Http\\Controller\\UserValueResolver',
  81 => 'Vich\\UploaderBundle\\Entity\\File',
);